│ The "count" and "for_each" meta-arguments are mutually-exclusive, only one should be used to be explicit about the number of resources to be created.


1. count
	• Creates N instances of a resource.
	• Works well when you know how many identical resources you need.
	• Reference instance using index: resource_name[index].

resource "aws_instance" "example" {
  count         = 3
  ami           = "ami-12345678"
  instance_type = "t2.micro"
}
	• Instances: aws_instance.example[0], aws_instance.example[1], aws_instance.example[2]

2. for_each
	• Creates resources from a map or set.
	• Each resource gets a key and value: each.key, each.value.

resource "aws_instance" "example" {
  for_each      = { app1 = "10.0.0.1", app2 = "10.0.0.2" }
  ami           = "ami-12345678"
  instance_type = "t2.micro"
  tags = { Name = each.key }
}
	• Instances: aws_instance.example["app1"], aws_instance.example["app2"]

3. Why you can’t use both
	• Terraform needs one explicit way to determine how many resources to create.
	• count is numeric, for_each is map/set-based.
	• Using both would make Terraform ambiguous about resource creation.

✅ Rule of Thumb
	• Use count for simple numeric repetition.
	• Use for_each when resource instances are based on a map or set of values.

If you want, I can make a cheat sheet showing when to use count vs for_each vs tomap() together for dynamic resource creation. It makes it very clear in real Terraform projects.
Do you want me to do that?
You said:
resource "aws_instance" "my_instance" { for_each = tomap({ vipul="t2.micro", sakshi="t2.micro", }) #count = 2 key_name = aws_key_pair.deployer.key_name #come here >terra-key-ec2" security_groups = [aws_security_group.mysecurity.name] ami = var.ec2_ami_id user_data = file("install_nginx.sh") instance_type = each.value #it takes from from each>>value t2.micro" root_block_device { volume_size = var.ec2_root_storage_size volume_type = "gp3" }
ChatGPT said:
I see your Terraform resource code — it’s mostly correct, but I notice a few points to clarify and fix so it works properly:

1. for_each with tomap()

for_each = tomap({
  vipul   = "t2.micro"
  sakshi  = "t2.micro"
})
✅ This is correct. Each EC2 instance will be created with a key (vipul, sakshi) and the value will be used as the instance type (t2.micro).
Note: Remove the trailing comma in the map. Terraform doesn’t allow a trailing comma in maps for some versions.

2. Remove count

# count = 2
❌ Commented out is good. You cannot use count and for_each together.

3. key_name

key_name = aws_key_pair.deployer.key_name
✅ Assuming you have an aws_key_pair resource called deployer.
If you intended to use a specific key file like "terra-key-ec2", you need to create a key pair resource in Terraform first:

resource "aws_key_pair" "deployer" {
  key_name   = "terra-key-ec2"
  public_key = file("~/.ssh/terra-key-ec2.pub")
}
Then you can use:

key_name = aws_key_pair.deployer.key_name

4. security_groups

security_groups = [aws_security_group.mysecurity.name]
✅ Works if you have an aws_security_group resource called mysecurity.

5. instance_type

instance_type = each.value
✅ Correct! It will take "t2.micro" from your for_each map.

6. user_data

user_data = file("install_nginx.sh")
✅ Good, this will run your shell script on instance launch.

7. root_block_device

root_block_device {
  volume_size = var.ec2_root_storage_size
  volume_type = "gp3"
}
✅ Works fine if var.ec2_root_storage_size is defined in variables.

8. Complete Working Example

resource "aws_instance" "my_instance" {
  for_each = tomap({
    vipul  = "t2.micro"
    sakshi = "t2.micro"
  })
key_name        = aws_key_pair.deployer.key_name
  security_groups = [aws_security_group.mysecurity.name]
  ami             = var.ec2_ami_id
  instance_type   = each.value
  user_data       = file("install_nginx.sh")
root_block_device {
    volume_size = var.ec2_root_storage_size
    volume_type = "gp3"
  }
tags = {
    Name = each.key
  }
}
	• each.key → "vipul" or "sakshi" (used for naming/tagging)
	• each.value → "t2.micro" (used for instance type)







arn:aws:dynamodb:us-east-1:662012768016:table/GameScores because no identity-based policy allows the dynamodb:CreateTable action │ │ with aws_dynamodb_table.basic-dynamodb-table, │ on dyanomodb.tf line 1, in resource "aws_dynamodb_table" "basic-dynamodb-table": │ 1: resource "aws_dynamodb_table" "basic-dynamodb-table" { │ 



Don’t have access it >>give it from the IAM



│ Error: creating S3 Bucket (my-tf-test-bucket-s3): operation error S3: CreateBucket, https response error StatusCode: 409, RequestID: HXFBPKN2G29SX5BQ, HostID: 29CYsjml8bAMx8dNvkmdxywzScua+FNF5HeS6d+nYeq12iOCleRwBY+vgcf5JF8ogm8Na9xPJcRxAfYJ+sN/UwwYfJl1czOlraHbnHQP48c=, BucketAlreadyExists: │ │ with aws_s3_bucket.remote-s3-vipul, │ on s3.tf line 1, in resource "aws_s3_bucket" "remote-s3-vipul": │ 1: resource "aws_s3_bucket" "remote-s3-vipul" { │ 
ChatGPT said:
That’s a common S3 error — and it’s actually quite straightforward:

BucketAlreadyExists

🧩 Meaning
S3 bucket names are globally unique across all AWS accounts and regions, not just yours.
That means if anyone in the world has already created a bucket with that name (e.g., my-tf-test-bucket-s3), you cannot create another one — even in a different AWS account or region.

✅ Fix
Rename your bucket to something globally unique — for example, include:
	• your name or company prefix
	• the AWS account ID
	• a timestamp or random suffix
Example:

resource "aws_s3_bucket" "remote-s3-vipul" {
  bucket = "vipul-terraform-state-662012768016"
  tags = {
    Name = "Terraform State Bucket"
    Environment = "Dev"
  }
}
Or even:

bucket = "vipul-tf-remote-backend-${random_id.bucket_suffix.hex}"

🧠 Optional: Use Terraform Random ID for Uniqueness
You can make Terraform automatically generate a unique suffix:

resource "random_id" "bucket_suffix" {
  byte_length = 4
}
resource "aws_s3_bucket" "remote-s3-vipul" {
  bucket = "vipul-tf-state-${random_id.bucket_suffix.hex}"
}

💡 Re-run Steps
After you change the bucket name:

terraform init -reconfigure
terraform apply





Import key_piar and vpc,security

importing EC2 Key Pair (terra-key-ec2): operation error EC2: ImportKeyPair, https response error StatusCode: 400, RequestID: e63c026b-fdaa-415c-aae7-1119ab2d3f9d, api error InvalidKeyPair.Duplicate: The keypair already exists
│ 
│   with aws_key_pair.deployer,
│   on ec2.tf line 254, in resource "aws_key_pair" "deployer":
│  254: resource "aws_key_pair" "deployer" {
│ 


terraform import aws_key_pair.deployer terra-key-ec2



>>>>>>>>>>

╷
│ Error: creating Security Group (allow_tls): operation error EC2: CreateSecurityGroup, https response error StatusCode: 400, RequestID: 918ade59-9f76-4c32-809f-56c9882294bf, api error InvalidGroup.Duplicate: The security group 'allow_tls' already exists for VPC 'vpc-041838d3e953cf19c'
│ 
│   with aws_security_group.mysecurity,
│   on ec2.tf line 265, in resource "aws_security_group" "mysecurity":
│  265: resource "aws_security_group" "mysecurity" {


Find its ID from the AWS console or CLI:
 aws ec2 describe-security-groups --region us-east-1

o/p
{
    "SecurityGroups": [
        {
            "GroupId": "sg-0f1cced7d31ae623c",
            "IpPermissionsEgress": [
                {


>>terraform import aws_security_group.mysecurity <GroupId-value>










Error: deleting Security Group (sg-00f116c391631f020): operation error EC2: DeleteSecurityGroup, https response error StatusCode: 400, RequestID: 2e3f5008-879e-46f2-8e8a-8bb14c9e1eb1, api error CannotDelete: the specified group: "sg-00f116c391631f020" name: "default" cannot be deleted by a user
│ 
│ 
╵
╷
│ Error: creating EC2 Subnet: operation error EC2: CreateSubnet, https response error StatusCode: 400, RequestID: 6b424431-a216-429c-9ccd-4ba910185a47, api error InvalidParameterValue: Value (eu-west-1a) for parameter availabilityZone is invalid. Subnets can currently only be created in the following availability zones: us-east-1a, us-east-1b, us-east-1c, us-east-1d, us-east-1e, us-east-1f.
│ 
│   with module.vpc.aws_subnet.public[0],
│   on .terraform/modules/vpc/main.tf line 145, in resource "aws_subnet" "public":
│  145: resource "aws_subnet" "public" {
│ 
╵
╷
│ Error: creating EC2 Subnet: operation error EC2: CreateSubnet, https response error StatusCode: 400, RequestID: 13602d31-42a3-4f5a-a04c-6185bc67db91, api error InvalidParameterValue: Value (eu-west-1a) for parameter availabilityZone is invalid. Subnets can currently only be created in the following availability zones: us-east-1a, us-east-1b, us-east-1c, us-east-1d, us-east-1e, us-east-1f.
│ 
│   with module.vpc.aws_subnet.private[0],
│   on .terraform/modules/vpc/main.tf line 293, in resource "aws_subnet" "private":










module "vpc" { source = "terraform-aws-modules/vpc/aws" name = "vipul-my-vpc" cidr = "10.0.0.0/16" azs = ["eu-west-1a"] private_subnets = ["10.0.1.0/24"] public_subnets = ["10.0.101.0/24"] enable_nat_gateway = true enable_vpn_gateway = true tags = { Terraform = "true" Environment = var.env } } module "vpc" { source = "terraform-aws-modules/vpc/aws" name = "vipul-my-vpc" cidr = "10.0.0.0/16" azs = ["eu-west-1a"] private_subnets = ["10.0.1.0/24"] public_subnets = ["10.0.101.0/24"] enable_nat_gateway = true enable_vpn_gateway = true tags = { Terraform = "true" Environment = var.env } }
ChatGPT said:
Perfect — thanks for sharing your code 👍
I can immediately see why you’re getting both those errors. Let’s go step by step 👇

🧨 Issue 1 — Wrong Availability Zone for Region
Your code specifies:

azs = ["eu-west-1a"]
…but your error says:

Subnets can currently only be created in the following availability zones: 
us-east-1a, us-east-1b, us-east-1c, us-east-1d, us-east-1e, us-east-1f.
👉 This means your AWS provider region (in provider.tf) is currently set to us-east-1 — not eu-west-1.

✅ Fix Option 1: Change Provider Region
If you actually want to deploy in Ireland, update your provider to:

provider "aws" {
  region = "eu-west-1"
}

✅ Fix Option 2: Change Subnet AZs
If you meant to deploy in US East (N. Virginia), then use:

azs             = ["us-east-1a"]
private_subnets = ["10.0.1.0/24"]
public_subnets  = ["10.0.101.0/24"]

🧩 Issue 2 — Duplicate Module Definition
You’ve got two identical module "vpc" blocks in your Terraform file.
That will cause Terraform to try to create the same VPC twice, which can lead to confusing errors and state corruption.

✅ Fix: Keep only one module
Delete one of the duplicates, so you have only this:

module "vpc" {
  source = "terraform-aws-modules/vpc/aws"
name = "vipul-my-vpc"
  cidr = "10.0.0.0/16"
azs             = ["us-east-1a"]  # or eu-west-1a, depending on your region
  private_subnets = ["10.0.1.0/24"]
  public_subnets  = ["10.0.101.0/24"]
enable_nat_gateway = true
  enable_vpn_gateway = true
tags = {
    Terraform   = "true"
    Environment = var.env
  }
}

✅ Final Sanity Check
Make sure your AWS provider and VPC module match regions:
Provider Region	Allowed AZs	Example in Module
us-east-1	us-east-1a/b/c/d/e/f	azs = ["us-east-1a"]
eu-west-1	eu-west-1a/b/c	azs = ["eu-west-1a"]

Once you fix those:
	1. Run terraform init -reconfigure
	2. Then terraform plan
	3. Then terraform apply

